  iter   0  best=0.8907  elite_mean=0.8292  std=0.2270
  iter   1  best=0.8907  elite_mean=0.8424  std=0.1936
  iter   2  best=0.8940  elite_mean=0.8377  std=0.1858
  iter   3  best=0.8940  elite_mean=0.8302  std=0.1648
  iter   4  best=0.8940  elite_mean=0.8742  std=0.1714
  iter   5  best=0.8940  elite_mean=0.7917  std=0.1793

best fitness: 0.8940
staged env overrides (bake via build_submission.py --env):
  PTCG_W_RETREAT_HP_RATIO=0.6
  PTCG_W_DRAW_CONSERVE_THRESHOLD=7
  PTCG_W_PRIO_CANDY=1.1986337248949221
  PTCG_W_PRIO_EVOLVE=8.410342990877632
  PTCG_W_PRIO_PLAY=4.198998520535769
  PTCG_W_PRIO_ATTACH=1.1141937425774786
  PTCG_W_PRIO_ABILITY=5.4230303098733845
  PTCG_W_PRIO_RETREAT=1.4805424730562375
  PTCG_W_PRIO_ATTACK=0.9892669898212519
  PTCG_W_PRIZE_SHAPING=0.5480079383475059
  PTCG_W_HP_SHAPING=0.1954810385814274
  PTCG_W_ACTIVE_HP_WEIGHT=0.8424348789157379
  PTCG_W_BOARD_SHAPING=0.023947917949292394
  PTCG_W_ENERGY_SHAPING=0.06480686311672283
  PTCG_W_BENCH_FLOOR_SHAPING=0.0

full result written to analysis/cem_runs/u83_teacher_ring_seed0.json
